<html>
<body>
<pre>
<h1>�Vision Build Log</h1>
<h2>Tool Versions:</h2>
IDE-Version: ��Vision V5.24.2.0
Copyright (C) 2017 ARM Ltd and ARM Germany GmbH. All rights reserved.
License Information: A wowLin, A, LIC=14HV2-9BIPE-EV51R-KVIHL-8LH2B-X5CEB
 
Tool Versions:
Toolchain:       MDK-ARM Plus  Version: 5.24.1
Toolchain Path:  D:\Keil5\ARM\ARMCC\Bin
C Compiler:      Armcc.exe V5.06 update 5 (build 528)
Assembler:       Armasm.exe V5.06 update 5 (build 528)
Linker/Locator:  ArmLink.exe V5.06 update 5 (build 528)
Library Manager: ArmAr.exe V5.06 update 5 (build 528)
Hex Converter:   FromElf.exe V5.06 update 5 (build 528)
CPU DLL:         SARMCM3.DLL V5.24.1
Dialog DLL:      DCM.DLL V1.16.0.0
Target DLL:      CMSIS_AGDI.dll V1.28.3.0
Dialog DLL:      TCM.DLL V1.32.0.0
 
<h2>Project:</h2>
D:\����\�����ļ���\SIAC\keil_project\Yushuang_Tower\Project\STM32F103_OLED.uvprojx
Project File Date:  09/25/2025

<h2>Output:</h2>
*** Using Compiler 'V5.06 update 5 (build 528)', folder: 'D:\Keil5\ARM\ARMCC\Bin'
Rebuild target 'STM32F103'
assembling startup_stm32f10x_hd.s...
compiling stm32f10x_dac.c...
compiling system_stm32f10x.c...
compiling stm32f10x_dbgmcu.c...
compiling bsp_led.c...
compiling bsp_oled.c...
..\bsp\OLED\bsp_oled.c(358): warning:  #177-D: function "OLED_DrawBMP"  was declared but never referenced
  void OLED_DrawBMP(uint8_t x0, uint8_t y0, uint8_t x1, uint8_t y1, uint8_t BMP[])
..\bsp\OLED\bsp_oled.c: 1 warning, 0 errors
compiling misc.c...
compiling system_f103.c...
..\System\system_f103.c(166): warning:  #870-D: invalid multibyte character sequence
          printf("【运行时�?-测试原点放置】\r");
..\System\system_f103.c(172): warning:  #870-D: invalid multibyte character sequence
      printf("【运行时�?-监察�?-%d:%9u us】\r", CNT++, intervalTimes);
..\System\system_f103.c(172): warning:  #870-D: invalid multibyte character sequence
      printf("【运行时�?-监察�?-%d:%9u us】\r", CNT++, intervalTimes);
..\System\system_f103.c: 3 warnings, 0 errors
compiling bsp_key.c...
..\bsp\key\bsp_key.c(80): warning:  #870-D: invalid multibyte character sequence
      printf("按键 初始�?           配置完成\r");
..\bsp\key\bsp_key.c(91): warning:  #870-D: invalid multibyte character sequence
          printf("�? 1 个按键被按下, 蓝灯反转\r");   // 重要提示：printf是不可重入函数，中断服务函数中使用，可能会产生不可预测的错误。这里使用printf，只用代码测试使用！�?
..\bsp\key\bsp_key.c(104): warning:  #870-D: invalid multibyte character sequence
          printf("�? 2 个按键被按下, 蓝灯反转\r");   // 重要提示：printf是不可重入函数，中断服务函数中使用，可能会产生不可预测的错误。这里使用printf，只用代码测试使用！�?      // 魔女开发板的按键使用电容进行硬件消�?,无需再使用软件延时消�?
..\bsp\key\bsp_key.c(117): warning:  #870-D: invalid multibyte character sequence
          printf("�? 3 个按键被按下, 蓝灯反转\r");   // 重要提示：printf是不可重入函数，中断服务函数中使用，可能会产生不可预测的错误。这里使用printf，只用代码测试使用！�?      // 魔女开发板的按键使用电容进行硬件消�?,无需再使用软件延时消�?
..\bsp\key\bsp_key.c: 4 warnings, 0 errors
compiling stm32f10x_bkp.c...
compiling stm32f10x_it.c...
compiling core_cm3.c...
compiling main.c...
compiling stm32f10x_can.c...
compiling stm32f10x_adc.c...
compiling stm32f10x_dma.c...
compiling bsp_usart.c...
..\bsp\USART\bsp_usart.c(106): warning:  #870-D: invalid multibyte character sequence
      printf("USART1初始化配�?      接收中断、空闲中�?, 发送中断\r");
..\bsp\USART\bsp_usart.c(106): warning:  #870-D: invalid multibyte character sequence
      printf("USART1初始化配�?      接收中断、空闲中�?, 发送中断\r");
..\bsp\USART\bsp_usart.c(327): warning:  #870-D: invalid multibyte character sequence
      printf("\rUSART2初始化配�?      接收中断、空闲中�?, 发送中断\r");
..\bsp\USART\bsp_usart.c(327): warning:  #870-D: invalid multibyte character sequence
      printf("\rUSART2初始化配�?      接收中断、空闲中�?, 发送中断\r");
..\bsp\USART\bsp_usart.c(493): warning:  #870-D: invalid multibyte character sequence
      printf("\rUSART3初始化配�?      接收中断、空闲中�?, 发送中断\r");
..\bsp\USART\bsp_usart.c(493): warning:  #870-D: invalid multibyte character sequence
      printf("\rUSART3初始化配�?      接收中断、空闲中�?, 发送中断\r");
..\bsp\USART\bsp_usart.c(660): warning:  #870-D: invalid multibyte character sequence
      printf("\rUART4 初始化配�?      接收中断、空闲中�?, 发送中断\r");
..\bsp\USART\bsp_usart.c(660): warning:  #870-D: invalid multibyte character sequence
      printf("\rUART4 初始化配�?      接收中断、空闲中�?, 发送中断\r");
..\bsp\USART\bsp_usart.c(825): warning:  #870-D: invalid multibyte character sequence
      printf("\rUART5 初始化配�?      接收中断、空闲中�?, 发送中断\r");
..\bsp\USART\bsp_usart.c(825): warning:  #870-D: invalid multibyte character sequence
      printf("\rUART5 初始化配�?      接收中断、空闲中�?, 发送中断\r");
..\bsp\USART\bsp_usart.c: 10 warnings, 0 errors
compiling stm32f10x_exti.c...
compiling stm32f10x_iwdg.c...
compiling stm32f10x_pwr.c...
compiling stm32f10x_gpio.c...
compiling stm32f10x_i2c.c...
compiling stm32f10x_flash.c...
compiling stm32f10x_rcc.c...
compiling stm32f10x_rtc.c...
compiling stm32f10x_sdio.c...
compiling stm32f10x_spi.c...
compiling stm32f10x_usart.c...
compiling stm32f10x_wwdg.c...
compiling stm32f10x_tim.c...
linking...
Program Size: Code=9576 RO-data=680 RW-data=80 ZI-data=12568  
FromELF: creating hex file...
".\Output\STM32F103.axf" - 0 Error(s), 18 Warning(s).

<h2>Software Packages used:</h2>

Package Vendor: Keil
                http://www.keil.com/pack/Keil.STM32F1xx_DFP.2.2.0.pack
                Keil.STM32F1xx_DFP.2.2.0
                STMicroelectronics STM32F1 Series Device Support, Drivers and Examples

<h2>Collection of Component include folders:</h2>
  .\RTE\_STM32F103
  D:\Keil5\ARM\PACK\Keil\STM32F1xx_DFP\2.2.0\Device\Include

<h2>Collection of Component Files used:</h2>
Build Time Elapsed:  00:00:01
</pre>
</body>
</html>
